core_cm3.h:1876:26:ITM_SendChar	16	static,ignoring_inline_asm
flash_memory.h:16:6:saveXToFlash	16	static
flash_memory.h:20:6:saveYToFlash	16	static
flash_memory.h:24:8:readXFromFlash	8	static
flash_memory.h:28:8:readYFromFlash	8	static
flash_memory.h:32:6:writeFlash	32	static
flash_memory.h:43:8:readFlash	16	static
main.c:45:5:_write	32	static
main.c:52:5:main	32	static
main.c:121:6:SystemClock_Config	88	static
main.c:154:6:HAL_CAN_RxFifo0MsgPendingCallback	16	static
main.c:174:6:CAN1_Transmit_manual	16	static
main.c:187:6:CAN2_Transmit_manual	16	static
main.c:200:6:sendGyroData	16	static
main.c:214:6:Error_Handler	4	static,ignoring_inline_asm
