flash_memory.h:18:6:flashMemoryInit	32	static
flash_memory.h:44:6:saveGyroData	24	static
flash_memory.h:50:8:readXFromFlash	8	static
flash_memory.h:54:8:readYFromFlash	8	static
flash_memory.h:58:6:writeFlash	40	static
flash_memory.h:64:8:readFlash	24	static
main.c:47:5:main	8	static
main.c:125:6:SystemClock_Config	88	static
main.c:161:6:HAL_CAN_RxFifo0MsgPendingCallback	16	static
main.c:173:6:HAL_CAN_RxFifo1MsgPendingCallback	16	static
main.c:180:6:CAN1_Transmit_manual	16	static
main.c:206:6:CAN2_Transmit_manual	16	static
main.c:231:6:sendGyroData	16	static
main.c:244:6:HAL_CAN_ErrorCallback	24	static
main.c:251:6:Error_Handler	4	static,ignoring_inline_asm
