stm32f1xx_it.c:70:6:NMI_Handler	4	static
stm32f1xx_it.c:83:6:HardFault_Handler	4	static
stm32f1xx_it.c:96:6:MemManage_Handler	4	static
stm32f1xx_it.c:109:6:BusFault_Handler	4	static
stm32f1xx_it.c:122:6:UsageFault_Handler	4	static
stm32f1xx_it.c:135:6:SVC_Handler	4	static
stm32f1xx_it.c:147:6:DebugMon_Handler	4	static
stm32f1xx_it.c:159:6:PendSV_Handler	4	static
stm32f1xx_it.c:171:6:SysTick_Handler	8	static
stm32f1xx_it.c:191:6:CAN1_TX_IRQHandler	8	static
stm32f1xx_it.c:204:6:CAN1_RX0_IRQHandler	8	static
stm32f1xx_it.c:214:6:CAN1_RX1_IRQHandler	8	static
stm32f1xx_it.c:227:6:CAN1_SCE_IRQHandler	8	static
